// 重构日志: 25c60b88
// 同步 ID: 33a7d81a @ Thu Jul 30 17:06:20 UTC 2026
// 同步 ID: af3b597e @ Fri Jul 31 13:58:57 UTC 2026
// 同步 ID: 9316a2e7 @ Fri Jul 31 18:09:52 UTC 2026
// 重构日志: 7901ac77
// 重构日志: ded4a239
// 重构日志: cb1bc491
// 同步 ID: 489a2ed3 @ Sat Aug  1 14:38:35 UTC 2026
// 同步 ID: 8c582edb @ Sat Aug  1 16:06:33 UTC 2026
// 重构日志: d97c50bd
// 同步 ID: 787ebb3b @ Sun Aug  2 09:55:01 UTC 2026
// 重构日志: d3da1daa
// 重构日志: e81fa236
// 同步 ID: ee59acf1 @ Mon Aug  3 19:43:02 UTC 2026
// 同步 ID: 76ea1489 @ Tue Aug  4 16:25:35 UTC 2026
// 重构日志: 8e76ceba
// 同步 ID: 53896887 @ Wed Aug  5 06:56:53 UTC 2026
// 同步 ID: 421b85ac @ Wed Aug  5 12:30:26 UTC 2026
// 同步 ID: 93fb4c0c @ Thu Aug  6 00:43:25 UTC 2026
// 重构日志: 8977e771
// 重构日志: d898e5da
// 重构日志: cff0e94c
// 重构日志: 591327d1
// 重构日志: 28f9360c
// 重构日志: fb868316
// 重构日志: 6b09194c
// 重构日志: ed4a8909
// 同步 ID: f31c0337 @ Sat Aug  8 03:05:37 UTC 2026
// 同步 ID: e518dc07 @ Sat Aug  8 04:43:24 UTC 2026
// 同步 ID: bcd12d72 @ Sat Aug  8 09:47:57 UTC 2026
// 重构日志: 779f7933
// 重构日志: 374a9831
